// Jest Snapshot v1, https://goo.gl/fbAQLP

exports[`Header Component Test snapshot renders 1`] = `
<header>
  <nav
    className="navbar navbar-dark bg-dark h-100"
  >
    <a
      className="navbar-brand"
      href="/"
      onClick={[Function]}
    >
      Ascend
    </a>
    <ul
      className="nav"
    >
      <li
        className="nav-item"
      >
        <a
          className="nav-link"
          href="/"
          onClick={[Function]}
        >
          Route
        </a>
      </li>
      <li
        className="nav-item"
      >
        <a
          className="nav-link"
          href="/stat"
          onClick={[Function]}
        >
          Stat
        </a>
      </li>
    </ul>
    <button
      className="btn btn-outline-danger"
      type="button"
    >
      Log Out
    </button>
  </nav>
</header>
`;
